
Note: No compatibility mode selected!


Circuit: s1 passive battery closure; no converter switching model

Doing analysis at TEMP = 27.000000 and TNOM = 27.000000

Using SPARSE 1.3 as Direct Linear Solver

Initial Transient Solution
--------------------------

Node                                   Voltage
----                                   -------
source                                       0
a                                            0
b                                            0
vin                                          0
cap                                          0
pa_00                                        0
bpa_00#branch                                0
vsense#branch                                0
lharness#branch                              0
vpack#branch                                 0


No. of Data Rows : 4024

  Measurements for Transient Analysis

vin_peak            =  5.40000e+00 at=  4.00000e-04
i_peak              =  2.80931e+00 at=  2.45000e-06
input_i2t           =   1.21090e-04 from=  0.00000e+00 to=  4.00000e-04


Total analysis time (seconds) = 0.00522

Total elapsed time (seconds) = 0.008

Total DRAM available = 49152.000 MB.
DRAM currently available = 9016.688 MB.
Maximum ngspice program size =   10.109 MB.
Current ngspice program size =   10.109 MB.
