
Note: No compatibility mode selected!


Circuit: s1 passive battery closure; no converter switching model

Doing analysis at TEMP = 27.000000 and TNOM = 27.000000

Using SPARSE 1.3 as Direct Linear Solver

Initial Transient Solution
--------------------------

Node                                   Voltage
----                                   -------
source                                       0
a                                            0
b                                            0
vin                                          0
cap                                          0
pa_00                                        0
bpa_00#branch                                0
vsense#branch                                0
lharness#branch                              0
vpack#branch                                 0


No. of Data Rows : 4024

  Measurements for Transient Analysis

vin_peak            =  5.41634e+00 at=  2.56500e-05
i_peak              =  8.35811e+00 at=  4.25000e-06
input_i2t           =   4.80961e-04 from=  0.00000e+00 to=  4.00000e-04


Total analysis time (seconds) = 0.005375

Total elapsed time (seconds) = 0.008

Total DRAM available = 49152.000 MB.
DRAM currently available = 9016.688 MB.
Maximum ngspice program size =   10.172 MB.
Current ngspice program size =   10.172 MB.
